Classic Timing Analyzer report for statemachine
Thu May 30 14:21:46 2019
Quartus II Version 8.1 Build 163 10/28/2008 SJ Web Edition


---------------------
; Table of Contents ;
---------------------
  1. Legal Notice
  2. Timing Analyzer Summary
  3. Timing Analyzer Settings
  4. Clock Settings Summary
  5. Clock Setup: 'clock'
  6. tsu
  7. tco
  8. tpd
  9. th
 10. Timing Analyzer Messages



----------------
; Legal Notice ;
----------------
Copyright (C) 1991-2008 Altera Corporation
Your use of Altera Corporation's design tools, logic functions 
and other software and tools, and its AMPP partner logic 
functions, and any output files from any of the foregoing 
(including device programming or simulation files), and any 
associated documentation or information are expressly subject 
to the terms and conditions of the Altera Program License 
Subscription Agreement, Altera MegaCore Function License 
Agreement, or other applicable license agreement, including, 
without limitation, that your use is for the sole purpose of 
programming logic devices manufactured by Altera and sold by 
Altera or its authorized distributors.  Please refer to the 
applicable agreement for further details.



+--------------------------------------------------------------------------------------------------------------------------------------------------------------------------------------+
; Timing Analyzer Summary                                                                                                                                                              ;
+------------------------------+-------+---------------+----------------------------------+--------------------------+--------------------------+------------+----------+--------------+
; Type                         ; Slack ; Required Time ; Actual Time                      ; From                     ; To                       ; From Clock ; To Clock ; Failed Paths ;
+------------------------------+-------+---------------+----------------------------------+--------------------------+--------------------------+------------+----------+--------------+
; Worst-case tsu               ; N/A   ; None          ; 61.100 ns                        ; left                     ; statemachine:step1|cs[4] ; --         ; clock    ; 0            ;
; Worst-case tco               ; N/A   ; None          ; 17.800 ns                        ; statemachine:step1|cs[4] ; out[4]                   ; clock      ; --       ; 0            ;
; Worst-case tpd               ; N/A   ; None          ; 14.600 ns                        ; dim_clock                ; out[1]                   ; --         ; --       ; 0            ;
; Worst-case th                ; N/A   ; None          ; -4.700 ns                        ; hazard                   ; statemachine:step1|cs[1] ; --         ; clock    ; 0            ;
; Clock Setup: 'clock'         ; N/A   ; None          ; 16.64 MHz ( period = 60.100 ns ) ; statemachine:step1|cs[4] ; statemachine:step1|cs[4] ; clock      ; clock    ; 0            ;
; Total number of failed paths ;       ;               ;                                  ;                          ;                          ;            ;          ; 0            ;
+------------------------------+-------+---------------+----------------------------------+--------------------------+--------------------------+------------+----------+--------------+


+--------------------------------------------------------------------------------------------------------------------+
; Timing Analyzer Settings                                                                                           ;
+---------------------------------------------------------------------+--------------------+------+----+-------------+
; Option                                                              ; Setting            ; From ; To ; Entity Name ;
+---------------------------------------------------------------------+--------------------+------+----+-------------+
; Device Name                                                         ; EPF6016TC144-2     ;      ;    ;             ;
; Timing Models                                                       ; Final              ;      ;    ;             ;
; Default hold multicycle                                             ; Same as Multicycle ;      ;    ;             ;
; Cut paths between unrelated clock domains                           ; On                 ;      ;    ;             ;
; Cut off read during write signal paths                              ; On                 ;      ;    ;             ;
; Cut off feedback from I/O pins                                      ; On                 ;      ;    ;             ;
; Report Combined Fast/Slow Timing                                    ; Off                ;      ;    ;             ;
; Ignore Clock Settings                                               ; Off                ;      ;    ;             ;
; Analyze latches as synchronous elements                             ; On                 ;      ;    ;             ;
; Enable Recovery/Removal analysis                                    ; Off                ;      ;    ;             ;
; Enable Clock Latency                                                ; Off                ;      ;    ;             ;
; Use TimeQuest Timing Analyzer                                       ; Off                ;      ;    ;             ;
; Minimum Core Junction Temperature                                   ; 0                  ;      ;    ;             ;
; Maximum Core Junction Temperature                                   ; 85                 ;      ;    ;             ;
; Number of source nodes to report per destination node               ; 10                 ;      ;    ;             ;
; Number of destination nodes to report                               ; 10                 ;      ;    ;             ;
; Number of paths to report                                           ; 200                ;      ;    ;             ;
; Report Minimum Timing Checks                                        ; Off                ;      ;    ;             ;
; Use Fast Timing Models                                              ; Off                ;      ;    ;             ;
; Report IO Paths Separately                                          ; Off                ;      ;    ;             ;
; Perform Multicorner Analysis                                        ; Off                ;      ;    ;             ;
; Reports the worst-case path for each clock domain and analysis      ; Off                ;      ;    ;             ;
; Removes common clock path pessimism (CCPP) during slack computation ; Off                ;      ;    ;             ;
; Output I/O Timing Endpoint                                          ; Near End           ;      ;    ;             ;
+---------------------------------------------------------------------+--------------------+------+----+-------------+


+------------------------------------------------------------------------------------------------------------------------------------------------------------------------------------+
; Clock Settings Summary                                                                                                                                                             ;
+-----------------+--------------------+----------+------------------+---------------+--------------+----------+-----------------------+---------------------+--------+--------------+
; Clock Node Name ; Clock Setting Name ; Type     ; Fmax Requirement ; Early Latency ; Late Latency ; Based on ; Multiply Base Fmax by ; Divide Base Fmax by ; Offset ; Phase offset ;
+-----------------+--------------------+----------+------------------+---------------+--------------+----------+-----------------------+---------------------+--------+--------------+
; clock           ;                    ; User Pin ; None             ; 0.000 ns      ; 0.000 ns     ; --       ; N/A                   ; N/A                 ; N/A    ;              ;
+-----------------+--------------------+----------+------------------+---------------+--------------+----------+-----------------------+---------------------+--------+--------------+


+------------------------------------------------------------------------------------------------------------------------------------------------------------------------------------------------------------+
; Clock Setup: 'clock'                                                                                                                                                                                       ;
+-------+----------------------------------+--------------------------+--------------------------+------------+----------+-----------------------------+---------------------------+-------------------------+
; Slack ; Actual fmax (period)             ; From                     ; To                       ; From Clock ; To Clock ; Required Setup Relationship ; Required Longest P2P Time ; Actual Longest P2P Time ;
+-------+----------------------------------+--------------------------+--------------------------+------------+----------+-----------------------------+---------------------------+-------------------------+
; N/A   ; 16.64 MHz ( period = 60.100 ns ) ; statemachine:step1|cs[4] ; statemachine:step1|cs[3] ; clock      ; clock    ; None                        ; None                      ; 58.700 ns               ;
; N/A   ; 16.64 MHz ( period = 60.100 ns ) ; statemachine:step1|cs[4] ; statemachine:step1|cs[4] ; clock      ; clock    ; None                        ; None                      ; 58.700 ns               ;
; N/A   ; 16.75 MHz ( period = 59.700 ns ) ; statemachine:step1|cs[3] ; statemachine:step1|cs[3] ; clock      ; clock    ; None                        ; None                      ; 58.300 ns               ;
; N/A   ; 16.75 MHz ( period = 59.700 ns ) ; statemachine:step1|cs[5] ; statemachine:step1|cs[3] ; clock      ; clock    ; None                        ; None                      ; 58.300 ns               ;
; N/A   ; 16.75 MHz ( period = 59.700 ns ) ; statemachine:step1|cs[3] ; statemachine:step1|cs[4] ; clock      ; clock    ; None                        ; None                      ; 58.300 ns               ;
; N/A   ; 16.75 MHz ( period = 59.700 ns ) ; statemachine:step1|cs[5] ; statemachine:step1|cs[4] ; clock      ; clock    ; None                        ; None                      ; 58.300 ns               ;
; N/A   ; 17.01 MHz ( period = 58.800 ns ) ; statemachine:step1|cs[2] ; statemachine:step1|cs[3] ; clock      ; clock    ; None                        ; None                      ; 57.500 ns               ;
; N/A   ; 17.01 MHz ( period = 58.800 ns ) ; statemachine:step1|cs[2] ; statemachine:step1|cs[4] ; clock      ; clock    ; None                        ; None                      ; 57.500 ns               ;
; N/A   ; 17.06 MHz ( period = 58.600 ns ) ; statemachine:step1|cs[0] ; statemachine:step1|cs[3] ; clock      ; clock    ; None                        ; None                      ; 57.400 ns               ;
; N/A   ; 17.06 MHz ( period = 58.600 ns ) ; statemachine:step1|cs[0] ; statemachine:step1|cs[4] ; clock      ; clock    ; None                        ; None                      ; 57.400 ns               ;
; N/A   ; 17.09 MHz ( period = 58.500 ns ) ; statemachine:step1|cs[1] ; statemachine:step1|cs[3] ; clock      ; clock    ; None                        ; None                      ; 57.200 ns               ;
; N/A   ; 17.09 MHz ( period = 58.500 ns ) ; statemachine:step1|cs[1] ; statemachine:step1|cs[4] ; clock      ; clock    ; None                        ; None                      ; 57.200 ns               ;
; N/A   ; 17.12 MHz ( period = 58.400 ns ) ; statemachine:step1|cs[4] ; statemachine:step1|cs[0] ; clock      ; clock    ; None                        ; None                      ; 56.800 ns               ;
; N/A   ; 17.15 MHz ( period = 58.300 ns ) ; statemachine:step1|cs[4] ; statemachine:step1|cs[5] ; clock      ; clock    ; None                        ; None                      ; 56.900 ns               ;
; N/A   ; 17.21 MHz ( period = 58.100 ns ) ; statemachine:step1|cs[4] ; statemachine:step1|cs[1] ; clock      ; clock    ; None                        ; None                      ; 56.600 ns               ;
; N/A   ; 17.24 MHz ( period = 58.000 ns ) ; statemachine:step1|cs[3] ; statemachine:step1|cs[0] ; clock      ; clock    ; None                        ; None                      ; 56.400 ns               ;
; N/A   ; 17.24 MHz ( period = 58.000 ns ) ; statemachine:step1|cs[5] ; statemachine:step1|cs[0] ; clock      ; clock    ; None                        ; None                      ; 56.400 ns               ;
; N/A   ; 17.27 MHz ( period = 57.900 ns ) ; statemachine:step1|cs[3] ; statemachine:step1|cs[5] ; clock      ; clock    ; None                        ; None                      ; 56.500 ns               ;
; N/A   ; 17.27 MHz ( period = 57.900 ns ) ; statemachine:step1|cs[5] ; statemachine:step1|cs[5] ; clock      ; clock    ; None                        ; None                      ; 56.500 ns               ;
; N/A   ; 17.33 MHz ( period = 57.700 ns ) ; statemachine:step1|cs[3] ; statemachine:step1|cs[1] ; clock      ; clock    ; None                        ; None                      ; 56.200 ns               ;
; N/A   ; 17.33 MHz ( period = 57.700 ns ) ; statemachine:step1|cs[5] ; statemachine:step1|cs[1] ; clock      ; clock    ; None                        ; None                      ; 56.200 ns               ;
; N/A   ; 17.33 MHz ( period = 57.700 ns ) ; statemachine:step1|cs[4] ; statemachine:step1|cs[2] ; clock      ; clock    ; None                        ; None                      ; 56.200 ns               ;
; N/A   ; 17.45 MHz ( period = 57.300 ns ) ; statemachine:step1|cs[3] ; statemachine:step1|cs[2] ; clock      ; clock    ; None                        ; None                      ; 55.800 ns               ;
; N/A   ; 17.45 MHz ( period = 57.300 ns ) ; statemachine:step1|cs[5] ; statemachine:step1|cs[2] ; clock      ; clock    ; None                        ; None                      ; 55.800 ns               ;
; N/A   ; 17.51 MHz ( period = 57.100 ns ) ; statemachine:step1|cs[2] ; statemachine:step1|cs[0] ; clock      ; clock    ; None                        ; None                      ; 55.600 ns               ;
; N/A   ; 17.54 MHz ( period = 57.000 ns ) ; statemachine:step1|cs[2] ; statemachine:step1|cs[5] ; clock      ; clock    ; None                        ; None                      ; 55.700 ns               ;
; N/A   ; 17.57 MHz ( period = 56.900 ns ) ; statemachine:step1|cs[0] ; statemachine:step1|cs[0] ; clock      ; clock    ; None                        ; None                      ; 55.500 ns               ;
; N/A   ; 17.61 MHz ( period = 56.800 ns ) ; statemachine:step1|cs[1] ; statemachine:step1|cs[0] ; clock      ; clock    ; None                        ; None                      ; 55.300 ns               ;
; N/A   ; 17.61 MHz ( period = 56.800 ns ) ; statemachine:step1|cs[2] ; statemachine:step1|cs[1] ; clock      ; clock    ; None                        ; None                      ; 55.400 ns               ;
; N/A   ; 17.61 MHz ( period = 56.800 ns ) ; statemachine:step1|cs[0] ; statemachine:step1|cs[5] ; clock      ; clock    ; None                        ; None                      ; 55.600 ns               ;
; N/A   ; 17.64 MHz ( period = 56.700 ns ) ; statemachine:step1|cs[1] ; statemachine:step1|cs[5] ; clock      ; clock    ; None                        ; None                      ; 55.400 ns               ;
; N/A   ; 17.67 MHz ( period = 56.600 ns ) ; statemachine:step1|cs[0] ; statemachine:step1|cs[1] ; clock      ; clock    ; None                        ; None                      ; 55.300 ns               ;
; N/A   ; 17.70 MHz ( period = 56.500 ns ) ; statemachine:step1|cs[1] ; statemachine:step1|cs[1] ; clock      ; clock    ; None                        ; None                      ; 55.100 ns               ;
; N/A   ; 17.73 MHz ( period = 56.400 ns ) ; statemachine:step1|cs[2] ; statemachine:step1|cs[2] ; clock      ; clock    ; None                        ; None                      ; 55.000 ns               ;
; N/A   ; 17.79 MHz ( period = 56.200 ns ) ; statemachine:step1|cs[0] ; statemachine:step1|cs[2] ; clock      ; clock    ; None                        ; None                      ; 54.900 ns               ;
; N/A   ; 17.83 MHz ( period = 56.100 ns ) ; statemachine:step1|cs[1] ; statemachine:step1|cs[2] ; clock      ; clock    ; None                        ; None                      ; 54.700 ns               ;
+-------+----------------------------------+--------------------------+--------------------------+------------+----------+-----------------------------+---------------------------+-------------------------+


+----------------------------------------------------------------------------------+
; tsu                                                                              ;
+-------+--------------+------------+--------+--------------------------+----------+
; Slack ; Required tsu ; Actual tsu ; From   ; To                       ; To Clock ;
+-------+--------------+------------+--------+--------------------------+----------+
; N/A   ; None         ; 61.100 ns  ; right  ; statemachine:step1|cs[3] ; clock    ;
; N/A   ; None         ; 61.100 ns  ; right  ; statemachine:step1|cs[4] ; clock    ;
; N/A   ; None         ; 61.100 ns  ; left   ; statemachine:step1|cs[3] ; clock    ;
; N/A   ; None         ; 61.100 ns  ; left   ; statemachine:step1|cs[4] ; clock    ;
; N/A   ; None         ; 60.600 ns  ; reset  ; statemachine:step1|cs[3] ; clock    ;
; N/A   ; None         ; 60.600 ns  ; reset  ; statemachine:step1|cs[4] ; clock    ;
; N/A   ; None         ; 59.400 ns  ; right  ; statemachine:step1|cs[0] ; clock    ;
; N/A   ; None         ; 59.400 ns  ; left   ; statemachine:step1|cs[0] ; clock    ;
; N/A   ; None         ; 59.300 ns  ; right  ; statemachine:step1|cs[5] ; clock    ;
; N/A   ; None         ; 59.300 ns  ; left   ; statemachine:step1|cs[5] ; clock    ;
; N/A   ; None         ; 59.100 ns  ; right  ; statemachine:step1|cs[1] ; clock    ;
; N/A   ; None         ; 59.100 ns  ; left   ; statemachine:step1|cs[1] ; clock    ;
; N/A   ; None         ; 58.900 ns  ; reset  ; statemachine:step1|cs[0] ; clock    ;
; N/A   ; None         ; 58.800 ns  ; reset  ; statemachine:step1|cs[5] ; clock    ;
; N/A   ; None         ; 58.700 ns  ; right  ; statemachine:step1|cs[2] ; clock    ;
; N/A   ; None         ; 58.700 ns  ; left   ; statemachine:step1|cs[2] ; clock    ;
; N/A   ; None         ; 58.600 ns  ; reset  ; statemachine:step1|cs[1] ; clock    ;
; N/A   ; None         ; 58.200 ns  ; reset  ; statemachine:step1|cs[2] ; clock    ;
; N/A   ; None         ; 57.200 ns  ; brake  ; statemachine:step1|cs[3] ; clock    ;
; N/A   ; None         ; 57.200 ns  ; brake  ; statemachine:step1|cs[4] ; clock    ;
; N/A   ; None         ; 56.600 ns  ; hazard ; statemachine:step1|cs[3] ; clock    ;
; N/A   ; None         ; 56.600 ns  ; hazard ; statemachine:step1|cs[4] ; clock    ;
; N/A   ; None         ; 55.500 ns  ; brake  ; statemachine:step1|cs[0] ; clock    ;
; N/A   ; None         ; 55.400 ns  ; brake  ; statemachine:step1|cs[5] ; clock    ;
; N/A   ; None         ; 55.200 ns  ; brake  ; statemachine:step1|cs[1] ; clock    ;
; N/A   ; None         ; 54.900 ns  ; hazard ; statemachine:step1|cs[0] ; clock    ;
; N/A   ; None         ; 54.800 ns  ; brake  ; statemachine:step1|cs[2] ; clock    ;
; N/A   ; None         ; 54.800 ns  ; hazard ; statemachine:step1|cs[5] ; clock    ;
; N/A   ; None         ; 54.600 ns  ; hazard ; statemachine:step1|cs[1] ; clock    ;
; N/A   ; None         ; 54.200 ns  ; hazard ; statemachine:step1|cs[2] ; clock    ;
+-------+--------------+------------+--------+--------------------------+----------+


+------------------------------------------------------------------------------------+
; tco                                                                                ;
+-------+--------------+------------+--------------------------+--------+------------+
; Slack ; Required tco ; Actual tco ; From                     ; To     ; From Clock ;
+-------+--------------+------------+--------------------------+--------+------------+
; N/A   ; None         ; 17.800 ns  ; statemachine:step1|cs[4] ; out[4] ; clock      ;
; N/A   ; None         ; 17.500 ns  ; statemachine:step1|cs[3] ; out[3] ; clock      ;
; N/A   ; None         ; 17.500 ns  ; statemachine:step1|cs[1] ; out[1] ; clock      ;
; N/A   ; None         ; 17.400 ns  ; statemachine:step1|cs[5] ; out[5] ; clock      ;
; N/A   ; None         ; 16.900 ns  ; statemachine:step1|cs[0] ; out[0] ; clock      ;
; N/A   ; None         ; 16.800 ns  ; statemachine:step1|cs[2] ; out[2] ; clock      ;
+-------+--------------+------------+--------------------------+--------+------------+


+------------------------------------------------------------------+
; tpd                                                              ;
+-------+-------------------+-----------------+-----------+--------+
; Slack ; Required P2P Time ; Actual P2P Time ; From      ; To     ;
+-------+-------------------+-----------------+-----------+--------+
; N/A   ; None              ; 14.600 ns       ; dim_clock ; out[1] ;
; N/A   ; None              ; 14.500 ns       ; lights    ; out[5] ;
; N/A   ; None              ; 14.500 ns       ; lights    ; out[1] ;
; N/A   ; None              ; 14.300 ns       ; dim_clock ; out[5] ;
; N/A   ; None              ; 14.300 ns       ; lights    ; out[4] ;
; N/A   ; None              ; 14.300 ns       ; lights    ; out[3] ;
; N/A   ; None              ; 14.100 ns       ; lights    ; out[0] ;
; N/A   ; None              ; 14.100 ns       ; dim_clock ; out[0] ;
; N/A   ; None              ; 14.000 ns       ; dim_clock ; out[4] ;
; N/A   ; None              ; 14.000 ns       ; dim_clock ; out[3] ;
; N/A   ; None              ; 14.000 ns       ; lights    ; out[2] ;
; N/A   ; None              ; 14.000 ns       ; dim_clock ; out[2] ;
+-------+-------------------+-----------------+-----------+--------+


+----------------------------------------------------------------------------------------+
; th                                                                                     ;
+---------------+-------------+-----------+--------+--------------------------+----------+
; Minimum Slack ; Required th ; Actual th ; From   ; To                       ; To Clock ;
+---------------+-------------+-----------+--------+--------------------------+----------+
; N/A           ; None        ; -4.700 ns ; hazard ; statemachine:step1|cs[1] ; clock    ;
; N/A           ; None        ; -5.900 ns ; reset  ; statemachine:step1|cs[2] ; clock    ;
; N/A           ; None        ; -6.100 ns ; brake  ; statemachine:step1|cs[1] ; clock    ;
; N/A           ; None        ; -6.200 ns ; left   ; statemachine:step1|cs[2] ; clock    ;
; N/A           ; None        ; -6.300 ns ; hazard ; statemachine:step1|cs[0] ; clock    ;
; N/A           ; None        ; -6.300 ns ; hazard ; statemachine:step1|cs[2] ; clock    ;
; N/A           ; None        ; -6.500 ns ; right  ; statemachine:step1|cs[2] ; clock    ;
; N/A           ; None        ; -7.100 ns ; brake  ; statemachine:step1|cs[0] ; clock    ;
; N/A           ; None        ; -7.100 ns ; brake  ; statemachine:step1|cs[2] ; clock    ;
; N/A           ; None        ; -7.500 ns ; reset  ; statemachine:step1|cs[3] ; clock    ;
; N/A           ; None        ; -7.500 ns ; reset  ; statemachine:step1|cs[4] ; clock    ;
; N/A           ; None        ; -7.500 ns ; hazard ; statemachine:step1|cs[4] ; clock    ;
; N/A           ; None        ; -7.700 ns ; reset  ; statemachine:step1|cs[5] ; clock    ;
; N/A           ; None        ; -7.700 ns ; brake  ; statemachine:step1|cs[3] ; clock    ;
; N/A           ; None        ; -7.900 ns ; left   ; statemachine:step1|cs[3] ; clock    ;
; N/A           ; None        ; -7.900 ns ; left   ; statemachine:step1|cs[4] ; clock    ;
; N/A           ; None        ; -8.000 ns ; left   ; statemachine:step1|cs[5] ; clock    ;
; N/A           ; None        ; -8.000 ns ; hazard ; statemachine:step1|cs[3] ; clock    ;
; N/A           ; None        ; -8.100 ns ; hazard ; statemachine:step1|cs[5] ; clock    ;
; N/A           ; None        ; -8.200 ns ; right  ; statemachine:step1|cs[3] ; clock    ;
; N/A           ; None        ; -8.200 ns ; right  ; statemachine:step1|cs[4] ; clock    ;
; N/A           ; None        ; -8.200 ns ; brake  ; statemachine:step1|cs[4] ; clock    ;
; N/A           ; None        ; -8.300 ns ; right  ; statemachine:step1|cs[5] ; clock    ;
; N/A           ; None        ; -8.300 ns ; reset  ; statemachine:step1|cs[0] ; clock    ;
; N/A           ; None        ; -8.400 ns ; right  ; statemachine:step1|cs[0] ; clock    ;
; N/A           ; None        ; -8.500 ns ; left   ; statemachine:step1|cs[0] ; clock    ;
; N/A           ; None        ; -8.900 ns ; brake  ; statemachine:step1|cs[5] ; clock    ;
; N/A           ; None        ; -9.000 ns ; reset  ; statemachine:step1|cs[1] ; clock    ;
; N/A           ; None        ; -9.300 ns ; left   ; statemachine:step1|cs[1] ; clock    ;
; N/A           ; None        ; -9.600 ns ; right  ; statemachine:step1|cs[1] ; clock    ;
+---------------+-------------+-----------+--------+--------------------------+----------+


+--------------------------+
; Timing Analyzer Messages ;
+--------------------------+
Info: *******************************************************************
Info: Running Quartus II Classic Timing Analyzer
    Info: Version 8.1 Build 163 10/28/2008 SJ Web Edition
    Info: Processing started: Thu May 30 14:21:45 2019
Info: Command: quartus_tan --read_settings_files=off --write_settings_files=off lab5 -c statemachine
Info: Started post-fitting delay annotation
Info: Delay annotation completed successfully
Warning: Found pins functioning as undefined clocks and/or memory enables
    Info: Assuming node "clock" is an undefined clock
Info: Clock "clock" has Internal fmax of 16.64 MHz between source register "statemachine:step1|cs[4]" and destination register "statemachine:step1|cs[3]" (period= 60.1 ns)
    Info: + Longest register to register delay is 58.700 ns
        Info: 1: + IC(0.000 ns) + CELL(0.300 ns) = 0.300 ns; Loc. = LC7_A5; Fanout = 14; REG Node = 'statemachine:step1|cs[4]'
        Info: 2: + IC(0.500 ns) + CELL(2.700 ns) = 3.500 ns; Loc. = LC2_A5; Fanout = 2; COMB Node = 'statemachine:step1|Equal8~36'
        Info: 3: + IC(0.400 ns) + CELL(2.400 ns) = 6.300 ns; Loc. = LC9_A5; Fanout = 6; COMB Node = 'statemachine:step1|Equal5~42'
        Info: 4: + IC(0.300 ns) + CELL(2.400 ns) = 9.000 ns; Loc. = LC8_A4; Fanout = 3; COMB Node = 'statemachine:step1|Equal5~43'
        Info: 5: + IC(0.300 ns) + CELL(2.400 ns) = 11.700 ns; Loc. = LC2_A4; Fanout = 1; COMB Node = 'statemachine:step1|always1~1727'
        Info: 6: + IC(0.200 ns) + CELL(2.400 ns) = 14.300 ns; Loc. = LC10_A4; Fanout = 2; COMB Node = 'statemachine:step1|always1~15'
        Info: 7: + IC(0.300 ns) + CELL(2.700 ns) = 17.300 ns; Loc. = LC6_A4; Fanout = 5; COMB Node = 'statemachine:step1|always1~1740'
        Info: 8: + IC(0.300 ns) + CELL(2.400 ns) = 20.000 ns; Loc. = LC4_A3; Fanout = 2; COMB Node = 'statemachine:step1|always1~1704'
        Info: 9: + IC(0.300 ns) + CELL(2.400 ns) = 22.700 ns; Loc. = LC6_A3; Fanout = 3; COMB Node = 'statemachine:step1|always1~1705'
        Info: 10: + IC(0.400 ns) + CELL(2.400 ns) = 25.500 ns; Loc. = LC7_A3; Fanout = 7; COMB Node = 'statemachine:step1|always1~41'
        Info: 11: + IC(0.400 ns) + CELL(2.700 ns) = 28.600 ns; Loc. = LC1_A3; Fanout = 1; COMB Node = 'statemachine:step1|always1~1707'
        Info: 12: + IC(0.300 ns) + CELL(2.400 ns) = 31.300 ns; Loc. = LC3_A3; Fanout = 2; COMB Node = 'statemachine:step1|always1~1708'
        Info: 13: + IC(0.300 ns) + CELL(2.400 ns) = 34.000 ns; Loc. = LC8_A3; Fanout = 4; COMB Node = 'statemachine:step1|always1~53'
        Info: 14: + IC(1.700 ns) + CELL(2.700 ns) = 38.400 ns; Loc. = LC7_A1; Fanout = 2; COMB Node = 'statemachine:step1|always1~1709'
        Info: 15: + IC(0.300 ns) + CELL(2.700 ns) = 41.400 ns; Loc. = LC6_A1; Fanout = 3; COMB Node = 'statemachine:step1|always1~63'
        Info: 16: + IC(0.300 ns) + CELL(2.400 ns) = 44.100 ns; Loc. = LC10_A1; Fanout = 3; COMB Node = 'statemachine:step1|always1~71'
        Info: 17: + IC(0.300 ns) + CELL(2.400 ns) = 46.800 ns; Loc. = LC9_A1; Fanout = 3; COMB Node = 'statemachine:step1|always1~79'
        Info: 18: + IC(0.300 ns) + CELL(2.400 ns) = 49.500 ns; Loc. = LC4_A1; Fanout = 3; COMB Node = 'statemachine:step1|Selector0~224'
        Info: 19: + IC(1.700 ns) + CELL(2.400 ns) = 53.600 ns; Loc. = LC4_A5; Fanout = 2; COMB Node = 'statemachine:step1|Selector0~212'
        Info: 20: + IC(0.400 ns) + CELL(2.400 ns) = 56.400 ns; Loc. = LC5_A5; Fanout = 2; COMB Node = 'statemachine:step1|Selector2~281'
        Info: 21: + IC(0.200 ns) + CELL(2.100 ns) = 58.700 ns; Loc. = LC6_A5; Fanout = 12; REG Node = 'statemachine:step1|cs[3]'
        Info: Total cell delay = 49.500 ns ( 84.33 % )
        Info: Total interconnect delay = 9.200 ns ( 15.67 % )
    Info: - Smallest clock skew is 0.000 ns
        Info: + Shortest clock path from clock "clock" to destination register is 8.000 ns
            Info: 1: + IC(0.000 ns) + CELL(3.300 ns) = 3.300 ns; Loc. = PIN_64; Fanout = 6; CLK Node = 'clock'
            Info: 2: + IC(4.700 ns) + CELL(0.000 ns) = 8.000 ns; Loc. = LC6_A5; Fanout = 12; REG Node = 'statemachine:step1|cs[3]'
            Info: Total cell delay = 3.300 ns ( 41.25 % )
            Info: Total interconnect delay = 4.700 ns ( 58.75 % )
        Info: - Longest clock path from clock "clock" to source register is 8.000 ns
            Info: 1: + IC(0.000 ns) + CELL(3.300 ns) = 3.300 ns; Loc. = PIN_64; Fanout = 6; CLK Node = 'clock'
            Info: 2: + IC(4.700 ns) + CELL(0.000 ns) = 8.000 ns; Loc. = LC7_A5; Fanout = 14; REG Node = 'statemachine:step1|cs[4]'
            Info: Total cell delay = 3.300 ns ( 41.25 % )
            Info: Total interconnect delay = 4.700 ns ( 58.75 % )
    Info: + Micro clock to output delay of source is 0.300 ns
    Info: + Micro setup delay of destination is 1.100 ns
Info: tsu for register "statemachine:step1|cs[3]" (data pin = "right", clock pin = "clock") is 61.100 ns
    Info: + Longest pin to register delay is 68.000 ns
        Info: 1: + IC(0.000 ns) + CELL(3.300 ns) = 3.300 ns; Loc. = PIN_61; Fanout = 15; PIN Node = 'right'
        Info: 2: + IC(4.900 ns) + CELL(2.500 ns) = 10.700 ns; Loc. = LC5_A18; Fanout = 3; COMB Node = 'statemachine:step1|always1~1701'
        Info: 3: + IC(2.500 ns) + CELL(2.400 ns) = 15.600 ns; Loc. = LC9_A5; Fanout = 6; COMB Node = 'statemachine:step1|Equal5~42'
        Info: 4: + IC(0.300 ns) + CELL(2.400 ns) = 18.300 ns; Loc. = LC8_A4; Fanout = 3; COMB Node = 'statemachine:step1|Equal5~43'
        Info: 5: + IC(0.300 ns) + CELL(2.400 ns) = 21.000 ns; Loc. = LC2_A4; Fanout = 1; COMB Node = 'statemachine:step1|always1~1727'
        Info: 6: + IC(0.200 ns) + CELL(2.400 ns) = 23.600 ns; Loc. = LC10_A4; Fanout = 2; COMB Node = 'statemachine:step1|always1~15'
        Info: 7: + IC(0.300 ns) + CELL(2.700 ns) = 26.600 ns; Loc. = LC6_A4; Fanout = 5; COMB Node = 'statemachine:step1|always1~1740'
        Info: 8: + IC(0.300 ns) + CELL(2.400 ns) = 29.300 ns; Loc. = LC4_A3; Fanout = 2; COMB Node = 'statemachine:step1|always1~1704'
        Info: 9: + IC(0.300 ns) + CELL(2.400 ns) = 32.000 ns; Loc. = LC6_A3; Fanout = 3; COMB Node = 'statemachine:step1|always1~1705'
        Info: 10: + IC(0.400 ns) + CELL(2.400 ns) = 34.800 ns; Loc. = LC7_A3; Fanout = 7; COMB Node = 'statemachine:step1|always1~41'
        Info: 11: + IC(0.400 ns) + CELL(2.700 ns) = 37.900 ns; Loc. = LC1_A3; Fanout = 1; COMB Node = 'statemachine:step1|always1~1707'
        Info: 12: + IC(0.300 ns) + CELL(2.400 ns) = 40.600 ns; Loc. = LC3_A3; Fanout = 2; COMB Node = 'statemachine:step1|always1~1708'
        Info: 13: + IC(0.300 ns) + CELL(2.400 ns) = 43.300 ns; Loc. = LC8_A3; Fanout = 4; COMB Node = 'statemachine:step1|always1~53'
        Info: 14: + IC(1.700 ns) + CELL(2.700 ns) = 47.700 ns; Loc. = LC7_A1; Fanout = 2; COMB Node = 'statemachine:step1|always1~1709'
        Info: 15: + IC(0.300 ns) + CELL(2.700 ns) = 50.700 ns; Loc. = LC6_A1; Fanout = 3; COMB Node = 'statemachine:step1|always1~63'
        Info: 16: + IC(0.300 ns) + CELL(2.400 ns) = 53.400 ns; Loc. = LC10_A1; Fanout = 3; COMB Node = 'statemachine:step1|always1~71'
        Info: 17: + IC(0.300 ns) + CELL(2.400 ns) = 56.100 ns; Loc. = LC9_A1; Fanout = 3; COMB Node = 'statemachine:step1|always1~79'
        Info: 18: + IC(0.300 ns) + CELL(2.400 ns) = 58.800 ns; Loc. = LC4_A1; Fanout = 3; COMB Node = 'statemachine:step1|Selector0~224'
        Info: 19: + IC(1.700 ns) + CELL(2.400 ns) = 62.900 ns; Loc. = LC4_A5; Fanout = 2; COMB Node = 'statemachine:step1|Selector0~212'
        Info: 20: + IC(0.400 ns) + CELL(2.400 ns) = 65.700 ns; Loc. = LC5_A5; Fanout = 2; COMB Node = 'statemachine:step1|Selector2~281'
        Info: 21: + IC(0.200 ns) + CELL(2.100 ns) = 68.000 ns; Loc. = LC6_A5; Fanout = 12; REG Node = 'statemachine:step1|cs[3]'
        Info: Total cell delay = 52.300 ns ( 76.91 % )
        Info: Total interconnect delay = 15.700 ns ( 23.09 % )
    Info: + Micro setup delay of destination is 1.100 ns
    Info: - Shortest clock path from clock "clock" to destination register is 8.000 ns
        Info: 1: + IC(0.000 ns) + CELL(3.300 ns) = 3.300 ns; Loc. = PIN_64; Fanout = 6; CLK Node = 'clock'
        Info: 2: + IC(4.700 ns) + CELL(0.000 ns) = 8.000 ns; Loc. = LC6_A5; Fanout = 12; REG Node = 'statemachine:step1|cs[3]'
        Info: Total cell delay = 3.300 ns ( 41.25 % )
        Info: Total interconnect delay = 4.700 ns ( 58.75 % )
Info: tco from clock "clock" to destination pin "out[4]" through register "statemachine:step1|cs[4]" is 17.800 ns
    Info: + Longest clock path from clock "clock" to source register is 8.000 ns
        Info: 1: + IC(0.000 ns) + CELL(3.300 ns) = 3.300 ns; Loc. = PIN_64; Fanout = 6; CLK Node = 'clock'
        Info: 2: + IC(4.700 ns) + CELL(0.000 ns) = 8.000 ns; Loc. = LC7_A5; Fanout = 14; REG Node = 'statemachine:step1|cs[4]'
        Info: Total cell delay = 3.300 ns ( 41.25 % )
        Info: Total interconnect delay = 4.700 ns ( 58.75 % )
    Info: + Micro clock to output delay of source is 0.300 ns
    Info: + Longest register to pin delay is 9.500 ns
        Info: 1: + IC(0.000 ns) + CELL(0.300 ns) = 0.300 ns; Loc. = LC7_A5; Fanout = 14; REG Node = 'statemachine:step1|cs[4]'
        Info: 2: + IC(3.000 ns) + CELL(2.400 ns) = 5.700 ns; Loc. = LC6_A10; Fanout = 1; COMB Node = 'dim:step2|out[4]~108'
        Info: 3: + IC(1.500 ns) + CELL(2.300 ns) = 9.500 ns; Loc. = PIN_132; Fanout = 0; PIN Node = 'out[4]'
        Info: Total cell delay = 5.000 ns ( 52.63 % )
        Info: Total interconnect delay = 4.500 ns ( 47.37 % )
Info: Longest tpd from source pin "dim_clock" to destination pin "out[1]" is 14.600 ns
    Info: 1: + IC(0.000 ns) + CELL(3.300 ns) = 3.300 ns; Loc. = PIN_66; Fanout = 6; PIN Node = 'dim_clock'
    Info: 2: + IC(4.700 ns) + CELL(2.400 ns) = 10.400 ns; Loc. = LC5_A1; Fanout = 1; COMB Node = 'dim:step2|out[1]~105'
    Info: 3: + IC(1.900 ns) + CELL(2.300 ns) = 14.600 ns; Loc. = PIN_135; Fanout = 0; PIN Node = 'out[1]'
    Info: Total cell delay = 8.000 ns ( 54.79 % )
    Info: Total interconnect delay = 6.600 ns ( 45.21 % )
Info: th for register "statemachine:step1|cs[1]" (data pin = "hazard", clock pin = "clock") is -4.700 ns
    Info: + Longest clock path from clock "clock" to destination register is 7.900 ns
        Info: 1: + IC(0.000 ns) + CELL(3.300 ns) = 3.300 ns; Loc. = PIN_64; Fanout = 6; CLK Node = 'clock'
        Info: 2: + IC(4.600 ns) + CELL(0.000 ns) = 7.900 ns; Loc. = LC2_A6; Fanout = 16; REG Node = 'statemachine:step1|cs[1]'
        Info: Total cell delay = 3.300 ns ( 41.77 % )
        Info: Total interconnect delay = 4.600 ns ( 58.23 % )
    Info: + Micro hold delay of destination is 1.800 ns
    Info: - Shortest pin to register delay is 14.400 ns
        Info: 1: + IC(0.000 ns) + CELL(3.300 ns) = 3.300 ns; Loc. = PIN_62; Fanout = 11; PIN Node = 'hazard'
        Info: 2: + IC(4.900 ns) + CELL(2.400 ns) = 10.600 ns; Loc. = LC8_A4; Fanout = 3; COMB Node = 'statemachine:step1|Equal5~43'
        Info: 3: + IC(1.700 ns) + CELL(2.100 ns) = 14.400 ns; Loc. = LC2_A6; Fanout = 16; REG Node = 'statemachine:step1|cs[1]'
        Info: Total cell delay = 7.800 ns ( 54.17 % )
        Info: Total interconnect delay = 6.600 ns ( 45.83 % )
Info: Quartus II Classic Timing Analyzer was successful. 0 errors, 1 warning
    Info: Peak virtual memory: 175 megabytes
    Info: Processing ended: Thu May 30 14:21:46 2019
    Info: Elapsed time: 00:00:01
    Info: Total CPU time (on all processors): 00:00:00


